(0.001) QUERY = "\n            SELECT name, type FROM sqlite_master\n            WHERE type in ('table', 'view') AND NOT name='sqlite_sequence'\n            ORDER BY name" - PARAMS = (); args=None
(0.000) QUERY = u'SELECT "django_migrations"."app", "django_migrations"."name" FROM "django_migrations"' - PARAMS = (); args=()
(0.002) QUERY = "\n            SELECT name, type FROM sqlite_master\n            WHERE type in ('table', 'view') AND NOT name='sqlite_sequence'\n            ORDER BY name" - PARAMS = (); args=None
(0.000) QUERY = u'SELECT "django_migrations"."app", "django_migrations"."name" FROM "django_migrations"' - PARAMS = (); args=()
(0.001) QUERY = u'SELECT "wagtailcore_site"."id", "wagtailcore_site"."hostname", "wagtailcore_site"."port", "wagtailcore_site"."root_page_id", "wagtailcore_site"."is_default_site" FROM "wagtailcore_site" WHERE "wagtailcore_site"."hostname" = %s' - PARAMS = (u'localhost',); args=(u'localhost',)
(0.000) QUERY = u'SELECT "wagtailcore_page"."id", "wagtailcore_page"."path", "wagtailcore_page"."depth", "wagtailcore_page"."numchild", "wagtailcore_page"."title", "wagtailcore_page"."slug", "wagtailcore_page"."content_type_id", "wagtailcore_page"."live", "wagtailcore_page"."has_unpublished_changes", "wagtailcore_page"."url_path", "wagtailcore_page"."owner_id", "wagtailcore_page"."seo_title", "wagtailcore_page"."show_in_menus", "wagtailcore_page"."search_description", "wagtailcore_page"."go_live_at", "wagtailcore_page"."expire_at", "wagtailcore_page"."expired", "wagtailcore_page"."locked", "wagtailcore_page"."first_published_at", "wagtailcore_page"."latest_revision_created_at" FROM "wagtailcore_page" WHERE "wagtailcore_page"."id" = %s' - PARAMS = (2,); args=(2,)
(0.000) QUERY = u'SELECT "django_content_type"."id", "django_content_type"."app_label", "django_content_type"."model" FROM "django_content_type" WHERE "django_content_type"."id" = %s' - PARAMS = (1,); args=(1,)
(0.000) QUERY = u'SELECT "wagtailcore_page"."id", "wagtailcore_page"."path", "wagtailcore_page"."depth", "wagtailcore_page"."numchild", "wagtailcore_page"."title", "wagtailcore_page"."slug", "wagtailcore_page"."content_type_id", "wagtailcore_page"."live", "wagtailcore_page"."has_unpublished_changes", "wagtailcore_page"."url_path", "wagtailcore_page"."owner_id", "wagtailcore_page"."seo_title", "wagtailcore_page"."show_in_menus", "wagtailcore_page"."search_description", "wagtailcore_page"."go_live_at", "wagtailcore_page"."expire_at", "wagtailcore_page"."expired", "wagtailcore_page"."locked", "wagtailcore_page"."first_published_at", "wagtailcore_page"."latest_revision_created_at" FROM "wagtailcore_page" WHERE ("wagtailcore_page"."depth" = %s AND "wagtailcore_page"."path" BETWEEN %s AND %s AND "wagtailcore_page"."slug" = %s)' - PARAMS = (3, u'000100010000', u'00010001ZZZZ', u'welcome-wagtail'); args=(3, u'000100010000', u'00010001ZZZZ', u'welcome-wagtail')
(0.000) QUERY = u'SELECT "django_content_type"."id", "django_content_type"."app_label", "django_content_type"."model" FROM "django_content_type" WHERE "django_content_type"."id" = %s' - PARAMS = (5,); args=(5,)
(0.000) QUERY = u'SELECT "wagtailcore_page"."id", "wagtailcore_page"."path", "wagtailcore_page"."depth", "wagtailcore_page"."numchild", "wagtailcore_page"."title", "wagtailcore_page"."slug", "wagtailcore_page"."content_type_id", "wagtailcore_page"."live", "wagtailcore_page"."has_unpublished_changes", "wagtailcore_page"."url_path", "wagtailcore_page"."owner_id", "wagtailcore_page"."seo_title", "wagtailcore_page"."show_in_menus", "wagtailcore_page"."search_description", "wagtailcore_page"."go_live_at", "wagtailcore_page"."expire_at", "wagtailcore_page"."expired", "wagtailcore_page"."locked", "wagtailcore_page"."first_published_at", "wagtailcore_page"."latest_revision_created_at", "home_homepage"."page_ptr_id" FROM "home_homepage" INNER JOIN "wagtailcore_page" ON ( "home_homepage"."page_ptr_id" = "wagtailcore_page"."id" ) WHERE "home_homepage"."page_ptr_id" = %s' - PARAMS = (3,); args=(3,)
(0.000) QUERY = u'SELECT "wagtailcore_pageviewrestriction"."id", "wagtailcore_pageviewrestriction"."page_id", "wagtailcore_pageviewrestriction"."password" FROM "wagtailcore_pageviewrestriction" WHERE "wagtailcore_pageviewrestriction"."page_id" IN (SELECT U0."id" FROM "wagtailcore_page" U0 WHERE U0."path" IN (%s, %s, %s))' - PARAMS = (u'0001', u'00010001', u'000100010001'); args=(u'0001', u'00010001', u'000100010001')
(0.000) QUERY = u'SELECT "django_session"."session_key", "django_session"."session_data", "django_session"."expire_date" FROM "django_session" WHERE ("django_session"."session_key" = %s AND "django_session"."expire_date" > %s)' - PARAMS = (u'nluc1z1fy7t2holjc9f2e9sufip9j0b8', u'2016-01-18 09:57:24.317744'); args=('nluc1z1fy7t2holjc9f2e9sufip9j0b8', u'2016-01-18 09:57:24.317744')
(0.000) QUERY = u'SELECT "auth_user"."id", "auth_user"."password", "auth_user"."last_login", "auth_user"."is_superuser", "auth_user"."username", "auth_user"."first_name", "auth_user"."last_name", "auth_user"."email", "auth_user"."is_staff", "auth_user"."is_active", "auth_user"."date_joined" FROM "auth_user" WHERE "auth_user"."id" = %s' - PARAMS = (2,); args=(2,)
(0.000) QUERY = u'SELECT "wagtailcore_page"."id", "wagtailcore_page"."path", "wagtailcore_page"."depth", "wagtailcore_page"."numchild", "wagtailcore_page"."title", "wagtailcore_page"."slug", "wagtailcore_page"."content_type_id", "wagtailcore_page"."live", "wagtailcore_page"."has_unpublished_changes", "wagtailcore_page"."url_path", "wagtailcore_page"."owner_id", "wagtailcore_page"."seo_title", "wagtailcore_page"."show_in_menus", "wagtailcore_page"."search_description", "wagtailcore_page"."go_live_at", "wagtailcore_page"."expire_at", "wagtailcore_page"."expired", "wagtailcore_page"."locked", "wagtailcore_page"."first_published_at", "wagtailcore_page"."latest_revision_created_at", "programs_program"."page_ptr_id", "programs_program"."name", "programs_program"."description" FROM "programs_program" INNER JOIN "wagtailcore_page" ON ( "programs_program"."page_ptr_id" = "wagtailcore_page"."id" ) WHERE "wagtailcore_page"."show_in_menus" = %s ORDER BY "wagtailcore_page"."title" ASC LIMIT 5' - PARAMS = (True,); args=(True,)
(0.000) QUERY = u'SELECT "wagtailcore_page"."id", "wagtailcore_page"."path", "wagtailcore_page"."depth", "wagtailcore_page"."numchild", "wagtailcore_page"."title", "wagtailcore_page"."slug", "wagtailcore_page"."content_type_id", "wagtailcore_page"."live", "wagtailcore_page"."has_unpublished_changes", "wagtailcore_page"."url_path", "wagtailcore_page"."owner_id", "wagtailcore_page"."seo_title", "wagtailcore_page"."show_in_menus", "wagtailcore_page"."search_description", "wagtailcore_page"."go_live_at", "wagtailcore_page"."expire_at", "wagtailcore_page"."expired", "wagtailcore_page"."locked", "wagtailcore_page"."first_published_at", "wagtailcore_page"."latest_revision_created_at", "programs_program"."page_ptr_id", "programs_program"."name", "programs_program"."description" FROM "programs_program" INNER JOIN "wagtailcore_page" ON ( "programs_program"."page_ptr_id" = "wagtailcore_page"."id" ) WHERE "wagtailcore_page"."show_in_menus" = %s ORDER BY "wagtailcore_page"."title" ASC LIMIT 5 OFFSET 5' - PARAMS = (True,); args=(True,)
(0.000) QUERY = u'SELECT "wagtailcore_page"."id", "wagtailcore_page"."path", "wagtailcore_page"."depth", "wagtailcore_page"."numchild", "wagtailcore_page"."title", "wagtailcore_page"."slug", "wagtailcore_page"."content_type_id", "wagtailcore_page"."live", "wagtailcore_page"."has_unpublished_changes", "wagtailcore_page"."url_path", "wagtailcore_page"."owner_id", "wagtailcore_page"."seo_title", "wagtailcore_page"."show_in_menus", "wagtailcore_page"."search_description", "wagtailcore_page"."go_live_at", "wagtailcore_page"."expire_at", "wagtailcore_page"."expired", "wagtailcore_page"."locked", "wagtailcore_page"."first_published_at", "wagtailcore_page"."latest_revision_created_at", "programs_program"."page_ptr_id", "programs_program"."name", "programs_program"."description" FROM "programs_program" INNER JOIN "wagtailcore_page" ON ( "programs_program"."page_ptr_id" = "wagtailcore_page"."id" ) WHERE "wagtailcore_page"."show_in_menus" = %s ORDER BY "wagtailcore_page"."title" ASC LIMIT -1 OFFSET 10' - PARAMS = (True,); args=(True,)
(0.002) QUERY = u'SELECT "wagtailcore_site"."id", "wagtailcore_site"."hostname", "wagtailcore_site"."port", "wagtailcore_site"."root_page_id", "wagtailcore_site"."is_default_site" FROM "wagtailcore_site" WHERE "wagtailcore_site"."hostname" = %s' - PARAMS = (u'localhost',); args=(u'localhost',)
(0.000) QUERY = u'SELECT "django_session"."session_key", "django_session"."session_data", "django_session"."expire_date" FROM "django_session" WHERE ("django_session"."session_key" = %s AND "django_session"."expire_date" > %s)' - PARAMS = (u'nluc1z1fy7t2holjc9f2e9sufip9j0b8', u'2016-01-18 09:57:24.558721'); args=('nluc1z1fy7t2holjc9f2e9sufip9j0b8', u'2016-01-18 09:57:24.558721')
(0.000) QUERY = u'SELECT "auth_user"."id", "auth_user"."password", "auth_user"."last_login", "auth_user"."is_superuser", "auth_user"."username", "auth_user"."first_name", "auth_user"."last_name", "auth_user"."email", "auth_user"."is_staff", "auth_user"."is_active", "auth_user"."date_joined" FROM "auth_user" WHERE "auth_user"."id" = %s' - PARAMS = (2,); args=(2,)
(0.000) QUERY = u'SELECT "wagtailcore_page"."id", "wagtailcore_page"."path", "wagtailcore_page"."depth", "wagtailcore_page"."numchild", "wagtailcore_page"."title", "wagtailcore_page"."slug", "wagtailcore_page"."content_type_id", "wagtailcore_page"."live", "wagtailcore_page"."has_unpublished_changes", "wagtailcore_page"."url_path", "wagtailcore_page"."owner_id", "wagtailcore_page"."seo_title", "wagtailcore_page"."show_in_menus", "wagtailcore_page"."search_description", "wagtailcore_page"."go_live_at", "wagtailcore_page"."expire_at", "wagtailcore_page"."expired", "wagtailcore_page"."locked", "wagtailcore_page"."first_published_at", "wagtailcore_page"."latest_revision_created_at" FROM "wagtailcore_page" WHERE "wagtailcore_page"."id" = %s' - PARAMS = (3,); args=(3,)
(0.000) QUERY = u'SELECT "wagtailcore_page"."id", "wagtailcore_page"."path", "wagtailcore_page"."depth", "wagtailcore_page"."numchild", "wagtailcore_page"."title", "wagtailcore_page"."slug", "wagtailcore_page"."content_type_id", "wagtailcore_page"."live", "wagtailcore_page"."has_unpublished_changes", "wagtailcore_page"."url_path", "wagtailcore_page"."owner_id", "wagtailcore_page"."seo_title", "wagtailcore_page"."show_in_menus", "wagtailcore_page"."search_description", "wagtailcore_page"."go_live_at", "wagtailcore_page"."expire_at", "wagtailcore_page"."expired", "wagtailcore_page"."locked", "wagtailcore_page"."first_published_at", "wagtailcore_page"."latest_revision_created_at" FROM "wagtailcore_page" WHERE "wagtailcore_page"."id" = %s' - PARAMS = (3,); args=(3,)
(0.000) QUERY = u'SELECT "wagtailcore_page"."id", "wagtailcore_page"."path", "wagtailcore_page"."depth", "wagtailcore_page"."numchild", "wagtailcore_page"."title", "wagtailcore_page"."slug", "wagtailcore_page"."content_type_id", "wagtailcore_page"."live", "wagtailcore_page"."has_unpublished_changes", "wagtailcore_page"."url_path", "wagtailcore_page"."owner_id", "wagtailcore_page"."seo_title", "wagtailcore_page"."show_in_menus", "wagtailcore_page"."search_description", "wagtailcore_page"."go_live_at", "wagtailcore_page"."expire_at", "wagtailcore_page"."expired", "wagtailcore_page"."locked", "wagtailcore_page"."first_published_at", "wagtailcore_page"."latest_revision_created_at" FROM "wagtailcore_page" WHERE "wagtailcore_page"."path" = %s' - PARAMS = (u'00010001',); args=(u'00010001',)
(0.000) QUERY = u'SELECT "django_content_type"."id", "django_content_type"."app_label", "django_content_type"."model" FROM "django_content_type" WHERE ("django_content_type"."model" = %s AND "django_content_type"."app_label" = %s)' - PARAMS = (u'program', u'programs'); args=('program', 'programs')
(0.000) QUERY = u'SELECT "django_content_type"."id", "django_content_type"."app_label", "django_content_type"."model" FROM "django_content_type" WHERE ("django_content_type"."model" = %s AND "django_content_type"."app_label" = %s)' - PARAMS = (u'subprogram', u'programs'); args=('subprogram', 'programs')
(0.000) QUERY = u'SELECT "django_content_type"."id", "django_content_type"."app_label", "django_content_type"."model" FROM "django_content_type" WHERE ("django_content_type"."model" = %s AND "django_content_type"."app_label" = %s)' - PARAMS = (u'person', u'person'); args=('person', 'person')
(0.000) QUERY = u'SELECT "django_content_type"."id", "django_content_type"."app_label", "django_content_type"."model" FROM "django_content_type" WHERE ("django_content_type"."model" = %s AND "django_content_type"."app_label" = %s)' - PARAMS = (u'ourpeoplepage', u'person'); args=('ourpeoplepage', 'person')
(0.000) QUERY = u'SELECT "django_content_type"."id", "django_content_type"."app_label", "django_content_type"."model" FROM "django_content_type" WHERE ("django_content_type"."model" = %s AND "django_content_type"."app_label" = %s)' - PARAMS = (u'expertpage', u'person'); args=('expertpage', 'person')
(0.000) QUERY = u'SELECT "django_content_type"."id", "django_content_type"."app_label", "django_content_type"."model" FROM "django_content_type" WHERE ("django_content_type"."model" = %s AND "django_content_type"."app_label" = %s)' - PARAMS = (u'programpeoplepage', u'person'); args=('programpeoplepage', 'person')
(0.000) QUERY = u'SELECT "django_content_type"."id", "django_content_type"."app_label", "django_content_type"."model" FROM "django_content_type" WHERE ("django_content_type"."model" = %s AND "django_content_type"."app_label" = %s)' - PARAMS = (u'simplepage', u'home'); args=('simplepage', 'home')
(0.000) QUERY = u'SELECT "django_content_type"."id", "django_content_type"."app_label", "django_content_type"."model" FROM "django_content_type" WHERE ("django_content_type"."model" = %s AND "django_content_type"."app_label" = %s)' - PARAMS = (u'book', u'book'); args=('book', 'book')
(0.000) QUERY = u'SELECT "django_content_type"."id", "django_content_type"."app_label", "django_content_type"."model" FROM "django_content_type" WHERE ("django_content_type"."model" = %s AND "django_content_type"."app_label" = %s)' - PARAMS = (u'allbookshomepage', u'book'); args=('allbookshomepage', 'book')
(0.000) QUERY = u'SELECT "django_content_type"."id", "django_content_type"."app_label", "django_content_type"."model" FROM "django_content_type" WHERE ("django_content_type"."model" = %s AND "django_content_type"."app_label" = %s)' - PARAMS = (u'programbookspage', u'book'); args=('programbookspage', 'book')
(0.000) QUERY = u'SELECT "django_content_type"."id", "django_content_type"."app_label", "django_content_type"."model" FROM "django_content_type" WHERE ("django_content_type"."model" = %s AND "django_content_type"."app_label" = %s)' - PARAMS = (u'article', u'article'); args=('article', 'article')
(0.000) QUERY = u'SELECT "django_content_type"."id", "django_content_type"."app_label", "django_content_type"."model" FROM "django_content_type" WHERE ("django_content_type"."model" = %s AND "django_content_type"."app_label" = %s)' - PARAMS = (u'allarticleshomepage', u'article'); args=('allarticleshomepage', 'article')
(0.000) QUERY = u'SELECT "django_content_type"."id", "django_content_type"."app_label", "django_content_type"."model" FROM "django_content_type" WHERE ("django_content_type"."model" = %s AND "django_content_type"."app_label" = %s)' - PARAMS = (u'programarticlespage', u'article'); args=('programarticlespage', 'article')
(0.000) QUERY = u'SELECT "django_content_type"."id", "django_content_type"."app_label", "django_content_type"."model" FROM "django_content_type" WHERE ("django_content_type"."model" = %s AND "django_content_type"."app_label" = %s)' - PARAMS = (u'blogpost', u'blog'); args=('blogpost', 'blog')
(0.000) QUERY = u'SELECT "django_content_type"."id", "django_content_type"."app_label", "django_content_type"."model" FROM "django_content_type" WHERE ("django_content_type"."model" = %s AND "django_content_type"."app_label" = %s)' - PARAMS = (u'allblogpostshomepage', u'blog'); args=('allblogpostshomepage', 'blog')
(0.000) QUERY = u'SELECT "django_content_type"."id", "django_content_type"."app_label", "django_content_type"."model" FROM "django_content_type" WHERE ("django_content_type"."model" = %s AND "django_content_type"."app_label" = %s)' - PARAMS = (u'programblogpostspage', u'blog'); args=('programblogpostspage', 'blog')
(0.000) QUERY = u'SELECT "django_content_type"."id", "django_content_type"."app_label", "django_content_type"."model" FROM "django_content_type" WHERE ("django_content_type"."model" = %s AND "django_content_type"."app_label" = %s)' - PARAMS = (u'event', u'event'); args=('event', 'event')
(0.000) QUERY = u'SELECT "django_content_type"."id", "django_content_type"."app_label", "django_content_type"."model" FROM "django_content_type" WHERE ("django_content_type"."model" = %s AND "django_content_type"."app_label" = %s)' - PARAMS = (u'alleventshomepage', u'event'); args=('alleventshomepage', 'event')
(0.000) QUERY = u'SELECT "django_content_type"."id", "django_content_type"."app_label", "django_content_type"."model" FROM "django_content_type" WHERE ("django_content_type"."model" = %s AND "django_content_type"."app_label" = %s)' - PARAMS = (u'programeventspage', u'event'); args=('programeventspage', 'event')
(0.000) QUERY = u'SELECT "django_content_type"."id", "django_content_type"."app_label", "django_content_type"."model" FROM "django_content_type" WHERE ("django_content_type"."model" = %s AND "django_content_type"."app_label" = %s)' - PARAMS = (u'podcast', u'podcast'); args=('podcast', 'podcast')
(0.000) QUERY = u'SELECT "django_content_type"."id", "django_content_type"."app_label", "django_content_type"."model" FROM "django_content_type" WHERE ("django_content_type"."model" = %s AND "django_content_type"."app_label" = %s)' - PARAMS = (u'allpodcastshomepage', u'podcast'); args=('allpodcastshomepage', 'podcast')
(0.000) QUERY = u'SELECT "django_content_type"."id", "django_content_type"."app_label", "django_content_type"."model" FROM "django_content_type" WHERE ("django_content_type"."model" = %s AND "django_content_type"."app_label" = %s)' - PARAMS = (u'programpodcastspage', u'podcast'); args=('programpodcastspage', 'podcast')
(0.000) QUERY = u'SELECT "django_content_type"."id", "django_content_type"."app_label", "django_content_type"."model" FROM "django_content_type" WHERE ("django_content_type"."model" = %s AND "django_content_type"."app_label" = %s)' - PARAMS = (u'policypaper', u'policy_paper'); args=('policypaper', 'policy_paper')
(0.000) QUERY = u'SELECT "django_content_type"."id", "django_content_type"."app_label", "django_content_type"."model" FROM "django_content_type" WHERE ("django_content_type"."model" = %s AND "django_content_type"."app_label" = %s)' - PARAMS = (u'allpolicypapershomepage', u'policy_paper'); args=('allpolicypapershomepage', 'policy_paper')
(0.000) QUERY = u'SELECT "django_content_type"."id", "django_content_type"."app_label", "django_content_type"."model" FROM "django_content_type" WHERE ("django_content_type"."model" = %s AND "django_content_type"."app_label" = %s)' - PARAMS = (u'programpolicypaperspage', u'policy_paper'); args=('programpolicypaperspage', 'policy_paper')
(0.000) QUERY = u'SELECT "django_content_type"."id", "django_content_type"."app_label", "django_content_type"."model" FROM "django_content_type" WHERE ("django_content_type"."model" = %s AND "django_content_type"."app_label" = %s)' - PARAMS = (u'pressrelease', u'press_release'); args=('pressrelease', 'press_release')
(0.000) QUERY = u'SELECT "django_content_type"."id", "django_content_type"."app_label", "django_content_type"."model" FROM "django_content_type" WHERE ("django_content_type"."model" = %s AND "django_content_type"."app_label" = %s)' - PARAMS = (u'allpressreleaseshomepage', u'press_release'); args=('allpressreleaseshomepage', 'press_release')
(0.000) QUERY = u'SELECT "django_content_type"."id", "django_content_type"."app_label", "django_content_type"."model" FROM "django_content_type" WHERE ("django_content_type"."model" = %s AND "django_content_type"."app_label" = %s)' - PARAMS = (u'programpressreleasespage', u'press_release'); args=('programpressreleasespage', 'press_release')
(0.000) QUERY = u'SELECT "django_content_type"."id", "django_content_type"."app_label", "django_content_type"."model" FROM "django_content_type" WHERE ("django_content_type"."model" = %s AND "django_content_type"."app_label" = %s)' - PARAMS = (u'quoted', u'quoted'); args=('quoted', 'quoted')
(0.000) QUERY = u'SELECT "django_content_type"."id", "django_content_type"."app_label", "django_content_type"."model" FROM "django_content_type" WHERE ("django_content_type"."model" = %s AND "django_content_type"."app_label" = %s)' - PARAMS = (u'allquotedhomepage', u'quoted'); args=('allquotedhomepage', 'quoted')
(0.000) QUERY = u'SELECT "django_content_type"."id", "django_content_type"."app_label", "django_content_type"."model" FROM "django_content_type" WHERE ("django_content_type"."model" = %s AND "django_content_type"."app_label" = %s)' - PARAMS = (u'programquotedpage', u'quoted'); args=('programquotedpage', 'quoted')
